[2026-07-29 20:59:33] INFO: Sedang di branch 'main', checkout ke develop...
[2026-07-29 20:59:33] ERROR: Gagal checkout develop
[2026-07-29 20:59:48] INFO: Sedang di branch 'main', checkout ke develop...
[2026-07-29 20:59:48] ERROR: Gagal checkout develop
[2026-07-29 21:00:01] WARNING: Ada uncommitted changes. Script di-skip.
[2026-07-29 21:00:33] Trigger aktif! Local ahead: 1 | behind: 0
[2026-07-29 21:00:33] Local lebih maju. Pushing...
[2026-07-29 21:00:36] ✅ Push berhasil. Remote up-to-date.
[2026-07-29 21:17:54] Trigger aktif! Local ahead: 0 | behind: 2
[2026-07-29 21:17:54] Remote lebih maju. Pulling dengan 'theirs'...
[2026-07-29 21:17:55] ✅ Pull berhasil. Local up-to-date.
[2026-07-29 22:32:02] Trigger aktif! Local ahead: 1 | behind: 3
[2026-07-29 22:32:02] WARNING: Local & remote diverge!
[2026-07-29 22:32:02] Merge dengan strategi 'theirs' (remote menang saat conflict)...
[2026-07-29 22:32:03] ERROR: ❌ Merge gagal meski pakai theirs. Perlu bantuan manual.
[2026-07-29 22:33:27] WARNING: Ada uncommitted changes. Script di-skip.
[2026-07-29 22:33:35] Trigger aktif! Local ahead: 2 | behind: 3
[2026-07-29 22:33:35] WARNING: Local & remote diverge!
[2026-07-29 22:33:35] Merge dengan strategi 'theirs' (remote menang saat conflict)...
[2026-07-29 22:34:00] WARNING: Ada uncommitted changes. Script di-skip.
[2026-07-29 22:36:00] INFO: Local & remote sudah sinkron. Tidak ada tindakan.
[2026-07-29 22:38:00] WARNING: Ada uncommitted changes. Script di-skip.
[2026-07-29 22:40:01] WARNING: Ada uncommitted changes. Script di-skip.
[2026-07-29 22:42:00] WARNING: Ada uncommitted changes. Script di-skip.
[2026-07-29 22:44:00] INFO: Local & remote sudah sinkron. Tidak ada tindakan.
[2026-07-29 22:46:00] WARNING: Ada uncommitted changes. Script di-skip.
[2026-07-29 22:48:00] WARNING: Ada uncommitted changes. Script di-skip.
[2026-07-29 22:50:00] WARNING: Ada uncommitted changes. Script di-skip.
[2026-07-29 22:52:00] WARNING: Ada uncommitted changes. Script di-skip.
[2026-07-29 22:54:00] WARNING: Ada uncommitted changes. Script di-skip.
[2026-07-29 22:56:01] WARNING: Ada uncommitted changes. Script di-skip.
[2026-07-29 22:58:00] WARNING: Ada uncommitted changes. Script di-skip.
[2026-07-29 23:00:00] WARNING: Ada uncommitted changes. Script di-skip.
[2026-07-29 23:02:00] WARNING: Ada uncommitted changes. Script di-skip.
[2026-07-29 23:04:00] WARNING: Ada uncommitted changes. Script di-skip.
[2026-07-29 23:06:00] WARNING: Ada uncommitted changes. Script di-skip.
[2026-07-29 23:08:00] WARNING: Ada uncommitted changes. Script di-skip.
[2026-07-29 23:10:01] WARNING: Ada uncommitted changes. Script di-skip.
[2026-07-29 23:12:00] WARNING: Ada uncommitted changes. Script di-skip.
[2026-07-29 23:14:00] WARNING: Ada uncommitted changes. Script di-skip.
[2026-07-29 23:16:00] Trigger aktif! Local ahead: 1 | behind: 0
[2026-07-29 23:16:00] Local lebih maju. Pushing...
[2026-07-29 23:16:02] ✅ Push berhasil. Remote up-to-date.
[2026-07-29 23:18:00] WARNING: Ada uncommitted changes. Script di-skip.
[2026-07-29 23:20:00] WARNING: Ada uncommitted changes. Script di-skip.
[2026-07-29 23:22:00] WARNING: Ada uncommitted changes. Script di-skip.
[2026-07-29 23:24:01] WARNING: Ada uncommitted changes. Script di-skip.
[2026-07-29 23:26:00] WARNING: Ada uncommitted changes. Script di-skip.
[2026-07-29 23:28:00] WARNING: Ada uncommitted changes. Script di-skip.
[2026-07-29 23:30:00] WARNING: Ada uncommitted changes. Script di-skip.
[2026-07-29 23:32:00] WARNING: Ada uncommitted changes. Script di-skip.
[2026-07-29 23:34:00] WARNING: Ada uncommitted changes. Script di-skip.
[2026-07-29 23:36:00] WARNING: Ada uncommitted changes. Script di-skip.
[2026-07-29 23:38:01] INFO: Local & remote sudah sinkron. Tidak ada tindakan.
[2026-07-29 23:40:00] WARNING: Ada uncommitted changes. Script di-skip.
[2026-07-29 23:42:00] WARNING: Ada uncommitted changes. Script di-skip.
[2026-07-29 23:44:00] WARNING: Ada uncommitted changes. Script di-skip.
[2026-07-29 23:46:00] WARNING: Ada uncommitted changes. Script di-skip.
[2026-07-29 23:48:00] WARNING: Ada uncommitted changes. Script di-skip.
[2026-07-29 23:50:00] WARNING: Ada uncommitted changes. Script di-skip.
[2026-07-29 23:52:00] WARNING: Ada uncommitted changes. Script di-skip.
[2026-07-29 23:54:00] WARNING: Ada uncommitted changes. Script di-skip.
[2026-07-29 23:56:00] WARNING: Ada uncommitted changes. Script di-skip.
[2026-07-29 23:58:00] WARNING: Ada uncommitted changes. Script di-skip.
[2026-07-30 00:00:01] WARNING: Ada uncommitted changes. Script di-skip.
[2026-07-30 00:02:00] WARNING: Ada uncommitted changes. Script di-skip.
[2026-07-30 00:04:00] WARNING: Ada uncommitted changes. Script di-skip.
[2026-07-30 00:06:00] WARNING: Ada uncommitted changes. Script di-skip.
[2026-07-30 00:08:00] WARNING: Ada uncommitted changes. Script di-skip.
[2026-07-30 00:10:00] WARNING: Ada uncommitted changes. Script di-skip.
[2026-07-30 00:12:00] WARNING: Ada uncommitted changes. Script di-skip.
[2026-07-30 00:14:00] WARNING: Ada uncommitted changes. Script di-skip.
[2026-07-30 00:16:00] WARNING: Ada uncommitted changes. Script di-skip.
[2026-07-30 00:18:00] WARNING: Ada uncommitted changes. Script di-skip.
[2026-07-30 00:20:00] WARNING: Ada uncommitted changes. Script di-skip.
[2026-07-30 00:22:00] WARNING: Ada uncommitted changes. Script di-skip.
[2026-07-30 00:24:00] WARNING: Ada uncommitted changes. Script di-skip.
[2026-07-30 00:26:00] WARNING: Ada uncommitted changes. Script di-skip.
[2026-07-30 00:28:00] WARNING: Ada uncommitted changes. Script di-skip.
[2026-07-30 00:30:00] WARNING: Ada uncommitted changes. Script di-skip.
[2026-07-30 00:32:01] WARNING: Ada uncommitted changes. Script di-skip.
[2026-07-30 00:34:00] WARNING: Ada uncommitted changes. Script di-skip.
[2026-07-30 00:36:00] WARNING: Ada uncommitted changes. Script di-skip.
[2026-07-30 00:38:00] WARNING: Ada uncommitted changes. Script di-skip.
[2026-07-30 00:40:00] WARNING: Ada uncommitted changes. Script di-skip.
[2026-07-30 00:42:00] Trigger aktif! Local ahead: 1 | behind: 0
[2026-07-30 00:42:00] Local lebih maju. Pushing...
[2026-07-30 00:42:04] ✅ Push berhasil. Remote up-to-date.
[2026-07-30 00:44:00] WARNING: Ada uncommitted changes. Script di-skip.
[2026-07-30 00:46:00] WARNING: Ada uncommitted changes. Script di-skip.
[2026-07-30 00:48:00] WARNING: Ada uncommitted changes. Script di-skip.
[2026-07-30 00:50:00] WARNING: Ada uncommitted changes. Script di-skip.
[2026-07-30 00:52:00] WARNING: Ada uncommitted changes. Script di-skip.
[2026-07-30 00:54:00] WARNING: Ada uncommitted changes. Script di-skip.
[2026-07-30 00:56:00] WARNING: Ada uncommitted changes. Script di-skip.
[2026-07-30 00:58:01] WARNING: Ada uncommitted changes. Script di-skip.
[2026-07-30 01:00:00] WARNING: Ada uncommitted changes. Script di-skip.
[2026-07-30 01:02:00] WARNING: Ada uncommitted changes. Script di-skip.
[2026-07-30 01:04:00] WARNING: Ada uncommitted changes. Script di-skip.
[2026-07-30 01:06:00] WARNING: Ada uncommitted changes. Script di-skip.
[2026-07-30 01:08:00] WARNING: Ada uncommitted changes. Script di-skip.
[2026-07-30 01:10:00] WARNING: Ada uncommitted changes. Script di-skip.
[2026-07-30 01:12:00] WARNING: Ada uncommitted changes. Script di-skip.
[2026-07-30 01:14:00] WARNING: Ada uncommitted changes. Script di-skip.
[2026-07-30 01:16:00] WARNING: Ada uncommitted changes. Script di-skip.
[2026-07-30 01:18:00] WARNING: Ada uncommitted changes. Script di-skip.
[2026-07-30 01:20:00] WARNING: Ada uncommitted changes. Script di-skip.
[2026-07-30 01:22:00] WARNING: Ada uncommitted changes. Script di-skip.
[2026-07-30 01:24:00] WARNING: Ada uncommitted changes. Script di-skip.
[2026-07-30 01:26:00] WARNING: Ada uncommitted changes. Script di-skip.
[2026-07-30 01:28:00] WARNING: Ada uncommitted changes. Script di-skip.
[2026-07-30 01:30:00] WARNING: Ada uncommitted changes. Script di-skip.
[2026-07-30 01:32:00] WARNING: Ada uncommitted changes. Script di-skip.
[2026-07-30 01:34:00] WARNING: Ada uncommitted changes. Script di-skip.
[2026-07-30 01:36:00] WARNING: Ada uncommitted changes. Script di-skip.
[2026-07-30 01:38:00] WARNING: Ada uncommitted changes. Script di-skip.
[2026-07-30 01:40:01] WARNING: Ada uncommitted changes. Script di-skip.
[2026-07-30 01:42:00] WARNING: Ada uncommitted changes. Script di-skip.
[2026-07-30 01:44:00] WARNING: Ada uncommitted changes. Script di-skip.
[2026-07-30 01:46:00] WARNING: Ada uncommitted changes. Script di-skip.
[2026-07-30 01:48:00] WARNING: Ada uncommitted changes. Script di-skip.
[2026-07-30 01:50:00] WARNING: Ada uncommitted changes. Script di-skip.
[2026-07-30 01:52:00] WARNING: Ada uncommitted changes. Script di-skip.
[2026-07-30 01:54:00] WARNING: Ada uncommitted changes. Script di-skip.
[2026-07-30 01:56:00] WARNING: Ada uncommitted changes. Script di-skip.
[2026-07-30 01:58:00] WARNING: Ada uncommitted changes. Script di-skip.
[2026-07-30 02:00:00] WARNING: Ada uncommitted changes. Script di-skip.
[2026-07-30 02:02:00] WARNING: Ada uncommitted changes. Script di-skip.
[2026-07-30 02:04:00] WARNING: Ada uncommitted changes. Script di-skip.
[2026-07-30 02:06:00] WARNING: Ada uncommitted changes. Script di-skip.
[2026-07-30 02:08:00] WARNING: Ada uncommitted changes. Script di-skip.
[2026-07-30 02:10:00] WARNING: Ada uncommitted changes. Script di-skip.
[2026-07-30 02:12:00] WARNING: Ada uncommitted changes. Script di-skip.
[2026-07-30 02:14:00] WARNING: Ada uncommitted changes. Script di-skip.
[2026-07-30 02:16:00] WARNING: Ada uncommitted changes. Script di-skip.
[2026-07-30 02:18:00] WARNING: Ada uncommitted changes. Script di-skip.
[2026-07-30 02:20:00] WARNING: Ada uncommitted changes. Script di-skip.
[2026-07-30 02:22:01] WARNING: Ada uncommitted changes. Script di-skip.
[2026-07-30 02:24:00] WARNING: Ada uncommitted changes. Script di-skip.
[2026-07-30 02:26:00] WARNING: Ada uncommitted changes. Script di-skip.
[2026-07-30 02:28:00] WARNING: Ada uncommitted changes. Script di-skip.
[2026-07-30 02:30:00] WARNING: Ada uncommitted changes. Script di-skip.
[2026-07-30 02:32:00] WARNING: Ada uncommitted changes. Script di-skip.
[2026-07-30 02:34:00] WARNING: Ada uncommitted changes. Script di-skip.
[2026-07-30 02:36:00] WARNING: Ada uncommitted changes. Script di-skip.
[2026-07-30 02:38:00] WARNING: Ada uncommitted changes. Script di-skip.
[2026-07-30 02:40:00] WARNING: Ada uncommitted changes. Script di-skip.
[2026-07-30 02:42:00] WARNING: Ada uncommitted changes. Script di-skip.
[2026-07-30 02:44:00] WARNING: Ada uncommitted changes. Script di-skip.
[2026-07-30 02:46:00] WARNING: Ada uncommitted changes. Script di-skip.
[2026-07-30 02:48:00] WARNING: Ada uncommitted changes. Script di-skip.
[2026-07-30 02:50:00] WARNING: Ada uncommitted changes. Script di-skip.
[2026-07-30 02:52:00] WARNING: Ada uncommitted changes. Script di-skip.
[2026-07-30 02:54:00] WARNING: Ada uncommitted changes. Script di-skip.
[2026-07-30 02:56:00] WARNING: Ada uncommitted changes. Script di-skip.
[2026-07-30 02:58:00] WARNING: Ada uncommitted changes. Script di-skip.
[2026-07-30 03:00:00] WARNING: Ada uncommitted changes. Script di-skip.
[2026-07-30 03:02:00] WARNING: Ada uncommitted changes. Script di-skip.
[2026-07-30 03:04:01] WARNING: Ada uncommitted changes. Script di-skip.
[2026-07-30 03:06:00] WARNING: Ada uncommitted changes. Script di-skip.
[2026-07-30 03:08:00] WARNING: Ada uncommitted changes. Script di-skip.
[2026-07-30 03:10:00] WARNING: Ada uncommitted changes. Script di-skip.
[2026-07-30 03:12:00] WARNING: Ada uncommitted changes. Script di-skip.
[2026-07-30 03:14:00] WARNING: Ada uncommitted changes. Script di-skip.
[2026-07-30 03:16:00] WARNING: Ada uncommitted changes. Script di-skip.
[2026-07-30 03:18:00] WARNING: Ada uncommitted changes. Script di-skip.
[2026-07-30 03:20:00] WARNING: Ada uncommitted changes. Script di-skip.
[2026-07-30 03:22:00] WARNING: Ada uncommitted changes. Script di-skip.
[2026-07-30 03:24:00] WARNING: Ada uncommitted changes. Script di-skip.
[2026-07-30 03:26:00] WARNING: Ada uncommitted changes. Script di-skip.
[2026-07-30 03:28:00] WARNING: Ada uncommitted changes. Script di-skip.
[2026-07-30 03:30:00] WARNING: Ada uncommitted changes. Script di-skip.
[2026-07-30 03:32:00] WARNING: Ada uncommitted changes. Script di-skip.
[2026-07-30 03:34:00] WARNING: Ada uncommitted changes. Script di-skip.
[2026-07-30 03:36:00] WARNING: Ada uncommitted changes. Script di-skip.
[2026-07-30 03:38:00] WARNING: Ada uncommitted changes. Script di-skip.
[2026-07-30 03:40:01] WARNING: Ada uncommitted changes. Script di-skip.
[2026-07-30 03:42:00] WARNING: Ada uncommitted changes. Script di-skip.
[2026-07-30 03:44:00] WARNING: Ada uncommitted changes. Script di-skip.
[2026-07-30 03:46:00] WARNING: Ada uncommitted changes. Script di-skip.
[2026-07-30 03:48:00] WARNING: Ada uncommitted changes. Script di-skip.
[2026-07-30 03:50:00] WARNING: Ada uncommitted changes. Script di-skip.
[2026-07-30 03:52:00] WARNING: Ada uncommitted changes. Script di-skip.
[2026-07-30 03:54:00] WARNING: Ada uncommitted changes. Script di-skip.
[2026-07-30 03:56:00] WARNING: Ada uncommitted changes. Script di-skip.
[2026-07-30 03:58:00] WARNING: Ada uncommitted changes. Script di-skip.
[2026-07-30 04:00:00] WARNING: Ada uncommitted changes. Script di-skip.
[2026-07-30 04:02:00] WARNING: Ada uncommitted changes. Script di-skip.
[2026-07-30 04:04:00] WARNING: Ada uncommitted changes. Script di-skip.
[2026-07-30 04:06:00] WARNING: Ada uncommitted changes. Script di-skip.
[2026-07-30 04:08:00] WARNING: Ada uncommitted changes. Script di-skip.
[2026-07-30 04:10:00] WARNING: Ada uncommitted changes. Script di-skip.
[2026-07-30 04:12:00] WARNING: Ada uncommitted changes. Script di-skip.
[2026-07-30 04:14:01] WARNING: Ada uncommitted changes. Script di-skip.
[2026-07-30 04:16:00] INFO: Local & remote sudah sinkron. Tidak ada tindakan.
[2026-07-30 04:18:00] WARNING: Ada uncommitted changes. Script di-skip.
[2026-07-30 04:20:00] WARNING: Ada uncommitted changes. Script di-skip.
[2026-07-30 04:22:00] WARNING: Ada uncommitted changes. Script di-skip.
[2026-07-30 04:24:00] WARNING: Ada uncommitted changes. Script di-skip.
[2026-07-30 04:26:00] WARNING: Ada uncommitted changes. Script di-skip.
[2026-07-30 04:28:00] WARNING: Ada uncommitted changes. Script di-skip.
[2026-07-30 04:30:00] WARNING: Ada uncommitted changes. Script di-skip.
[2026-07-30 04:32:01] WARNING: Ada uncommitted changes. Script di-skip.
[2026-07-30 04:34:00] WARNING: Ada uncommitted changes. Script di-skip.
[2026-07-30 04:36:00] WARNING: Ada uncommitted changes. Script di-skip.
[2026-07-30 04:38:00] WARNING: Ada uncommitted changes. Script di-skip.
[2026-07-30 04:40:00] WARNING: Ada uncommitted changes. Script di-skip.
[2026-07-30 04:42:00] WARNING: Ada uncommitted changes. Script di-skip.
